[team90degree.com/html/tf/umbrella-preview/umbrella/index.html]
[backblue.gif]
[fade.gif]
[index.html]
[team90degree.com/html/tf/umbrella-preview/umbrella/img/icon/favicon.png]
[team90degree.com/html/tf/umbrella-preview/umbrella/css/bootstrap.min.css]
[team90degree.com/html/tf/umbrella-preview/umbrella/css/font-awesome.min.css]
[team90degree.com/html/tf/umbrella-preview/umbrella/css/material-design-iconic-font.min.css]
[team90degree.com/html/tf/umbrella-preview/umbrella/css/ionicons.min.css]
[team90degree.com/html/tf/umbrella-preview/umbrella/css/animate-heading.css]
[team90degree.com/html/tf/umbrella-preview/umbrella/css/css-plugin.css]
[team90degree.com/html/tf/umbrella-preview/umbrella/css/customize.css]
[team90degree.com/html/tf/umbrella-preview/umbrella/style.css]
[team90degree.com/html/tf/umbrella-preview/umbrella/css/responsive.css]
[team90degree.com/html/tf/umbrella-preview/umbrella/js/vendor/modernizr-2.8.3.min.js]
[team90degree.com/html/tf/umbrella-preview/umbrella/img/icon/logo.png]
[team90degree.com/html/tf/umbrella-preview/umbrella/img/about/2.jpg]
[team90degree.com/html/tf/umbrella-preview/umbrella/img/about/1.jpg]
[team90degree.com/html/tf/umbrella-preview/umbrella/img/about/3.jpg]
[team90degree.com/html/tf/umbrella-preview/umbrella/img/about/4.jpg]
[team90degree.com/html/tf/umbrella-preview/umbrella/img/portfolio/1.jpg]
[team90degree.com/html/tf/umbrella-preview/umbrella/img/portfolio/2.jpg]
[team90degree.com/html/tf/umbrella-preview/umbrella/img/portfolio/3.jpg]
[team90degree.com/html/tf/umbrella-preview/umbrella/img/portfolio/4.jpg]
[team90degree.com/html/tf/umbrella-preview/umbrella/img/portfolio/5.jpg]
[team90degree.com/html/tf/umbrella-preview/umbrella/img/portfolio/6.jpg]
[team90degree.com/html/tf/umbrella-preview/umbrella/img/portfolio/7.jpg]
[team90degree.com/html/tf/umbrella-preview/umbrella/img/portfolio/8.jpg]
[team90degree.com/html/tf/umbrella-preview/umbrella/img/portfolio/9.jpg]
[team90degree.com/html/tf/umbrella-preview/umbrella/img/team/1.jpg]
[team90degree.com/html/tf/umbrella-preview/umbrella/img/team/2.jpg]
[team90degree.com/html/tf/umbrella-preview/umbrella/img/team/3.jpg]
[team90degree.com/html/tf/umbrella-preview/umbrella/img/blog/blog-1.jpg]
[team90degree.com/html/tf/umbrella-preview/umbrella/img/blog/blog-2.jpg]
[team90degree.com/html/tf/umbrella-preview/umbrella/img/blog/blog-3.jpg]
[team90degree.com/html/tf/umbrella-preview/umbrella/js/vendor/jquery-1.12.4.min.js]
[team90degree.com/html/tf/umbrella-preview/umbrella/js/bootstrap.min.js]
[team90degree.com/html/tf/umbrella-preview/umbrella/js/ajax-mail.js]
[team90degree.com/html/tf/umbrella-preview/umbrella/js/wow.js]
[team90degree.com/html/tf/umbrella-preview/umbrella/js/js-plugins.js]
[team90degree.com/html/tf/umbrella-preview/umbrella/js/main.js]
[team90degree.com/html/tf/umbrella-preview/umbrella/index.html]
[team90degree.com/html/tf/umbrella-preview/umbrella/css/bootstrap.min.css]
[team90degree.com/html/tf/umbrella-preview/umbrella/fonts/fontawesome-webfont3e6e.eot]
[team90degree.com/html/tf/umbrella-preview/umbrella/fonts/fontawesome-webfont3e6e.woff2]
[team90degree.com/html/tf/umbrella-preview/umbrella/fonts/fontawesome-webfontd41d.eot]
[team90degree.com/html/tf/umbrella-preview/umbrella/fonts/fontawesome-webfont3e6e.woff]
[team90degree.com/html/tf/umbrella-preview/umbrella/css/font-awesome.min.css]
[team90degree.com/html/tf/umbrella-preview/umbrella/fonts/fontawesome-webfont3e6e.ttf]
[team90degree.com/html/tf/umbrella-preview/umbrella/fonts/fontawesome-webfont3e6e.svg]
[team90degree.com/html/tf/umbrella-preview/umbrella/fonts/Material-Design-Iconic-Fontd1f1.woff2]
[team90degree.com/html/tf/umbrella-preview/umbrella/fonts/Material-Design-Iconic-Fontd1f1.woff]
[team90degree.com/html/tf/umbrella-preview/umbrella/css/material-design-iconic-font.min.css]
[team90degree.com/html/tf/umbrella-preview/umbrella/fonts/ionicons28b528b5.eot]
[team90degree.com/html/tf/umbrella-preview/umbrella/fonts/ionicons28b528b5.woff]
[team90degree.com/html/tf/umbrella-preview/umbrella/fonts/Material-Design-Iconic-Fontd1f1.ttf]
[team90degree.com/html/tf/umbrella-preview/umbrella/fonts/ionicons28b528b5.ttf]
[team90degree.com/html/tf/umbrella-preview/umbrella/css/ionicons.min.css]
[team90degree.com/html/tf/umbrella-preview/umbrella/css/animate-heading.css]
[team90degree.com/html/tf/umbrella-preview/umbrella/css/css-plugin.css]
[team90degree.com/html/tf/umbrella-preview/umbrella/img/bg/2.jpg]
[team90degree.com/html/tf/umbrella-preview/umbrella/fonts/ionicons28b528b5.svg]
[team90degree.com/html/tf/umbrella-preview/umbrella/img/bg/3.jpg]
[team90degree.com/html/tf/umbrella-preview/umbrella/css/customize.css]
[team90degree.com/html/tf/umbrella-preview/umbrella/img/slide/1.jpg]
[team90degree.com/html/tf/umbrella-preview/umbrella/img/slide/2.jpg]
[team90degree.com/html/tf/umbrella-preview/umbrella/img/slide/3.jpg]
[team90degree.com/html/tf/umbrella-preview/umbrella/style.css]
[team90degree.com/html/tf/umbrella-preview/umbrella/css/responsive.css]
[team90degree.com/html/tf/umbrella-preview/umbrella/fonts/glyphicons-halflings-regular.html]
[team90degree.com/html/tf/umbrella-preview/umbrella/fonts/glyphicons-halflings-regulard41d.html]
[team90degree.com/html/tf/umbrella-preview/umbrella/fonts/glyphicons-halflings-regular-2.html]
[team90degree.com/html/tf/umbrella-preview/umbrella/fonts/glyphicons-halflings-regular-3.html]
[team90degree.com/html/tf/umbrella-preview/umbrella/fonts/glyphicons-halflings-regular-4.html]
[team90degree.com/html/tf/umbrella-preview/umbrella/fonts/glyphicons-halflings-regular-5.html]
[team90degree.com/html/tf/umbrella-preview/umbrella/fonts/fontawesome-webfont3e6e.svg]
[team90degree.com/html/tf/umbrella-preview/umbrella/fonts/ionicons28b528b5.svg]
[team90degree.com/html/tf/umbrella-preview/umbrella/css/owl.video.play.html]
[team90degree.com/html/tf/umbrella-preview/umbrella/img/bg/1.html]
